Microchip MPLAB XC8 PIC(R) Assembler V3.10

Linker command line:

-W-3 \
  --edf=C:\Program Files\Microchip\xc8\v3.10\pic\dat\20250813170317_en.msgs \
  -cs -h+dist/default/production\proje.X.production.sym \
  --cmf=dist/default/production\proje.X.production.cmf -z -Q16F877A \
  -oC:\Users\salih\AppData\Local\Temp\xcAsm0k.0\driver_tmp_3.o \
  -presetVec=0h --fixupoverflow=error -ver=XC8 PIC(R) Assembler \
  --fixupoverflow=lstwarn -Mdist/default/production/proje.X.production.map \
  -E1 -ACODE=00h-07FFhx4 -ASTRCODE=00h-01FFFh -ASTRING=00h-0FFhx32 \
  -ACONST=00h-0FFhx32 -AENTRY=00h-0FFhx32 -ACOMMON=070h-07Fh \
  -ABANK0=020h-06Fh -ABANK1=0A0h-0EFh -ABANK2=0110h-016Fh \
  -ABANK3=0190h-01EFh -ARAM=020h-06Fh,0A0h-0EFh,0110h-016Fh,0190h-01EFh \
  -AABS1=020h-07Fh,0A0h-0EFh,0110h-016Fh,0190h-01EFh -ASFR0=00h-01Fh \
  -ASFR1=080h-09Fh -ASFR2=0100h-010Fh -ASFR3=0180h-018Fh \
  -ACONFIG=02007h-02007h -DCONFIG=2 -AIDLOC=02000h-02003h -DIDLOC=2 \
  -AEEDATA=00h-0FFh/02100h -DEEDATA=2 -DCODE=2 -DSTRCODE=2 -DSTRING=2 \
  -DCONST=2 -DENTRY=2 build/default/production/main.o 

Object code version is 3.11

Machine type is 16F877A



                Name                               Link     Load   Length Selector   Space Scale
build/default/production/main.o
                config                             2007     2007        1        0       4
                resetVec                              0        0        1        0       0
                code                                6EC      6EC      114      DD8       0
                udata_bank0                          20       20       12       20       1

TOTAL           Name                               Link     Load   Length     Space
        CLASS   CODE           
                resetVec                              0        0        1         0
                code                                6EC      6EC      114         0

        CLASS   STRCODE        

        CLASS   STRING         

        CLASS   CONST          

        CLASS   ENTRY          

        CLASS   COMMON         

        CLASS   BANK0          
                udata_bank0                          20       20       12         1

        CLASS   BANK1          

        CLASS   BANK2          

        CLASS   BANK3          

        CLASS   RAM            

        CLASS   ABS1           

        CLASS   SFR0           

        CLASS   SFR1           

        CLASS   SFR2           

        CLASS   SFR3           

        CLASS   CONFIG         
                config                             2007     2007        1         4

        CLASS   IDLOC          

        CLASS   EEDATA         



SEGMENTS        Name                           Load    Length   Top    Selector   Space  Class     Delta

                resetVec                       000000  000001  000001         0       0  CODE        2
                udata_bank0                    000020  000012  000032        20       1  BANK0       1
                code                           0006EC  000114  000800       DD8       0  CODE        2


UNUSED ADDRESS RANGES

        Name                Unused          Largest block    Delta
        BANK0            0032-006F             3E           1
        BANK1            00A0-00EF             50           1
        BANK2            0110-016F             60           1
        BANK3            0190-01EF             60           1
        CODE             0001-06EB            6EB           2
                         0800-1FFF            800
        COMMON           0070-007F             10           1
        CONST            0001-06EB            100           2
                         0800-1FFF            100
        EEDATA           2100-21FF            100           2
        ENTRY            0001-06EB            100           2
                         0800-1FFF            100
        IDLOC            2000-2003              4           2
        RAM              0032-006F             3E           1
                         00A0-00EF             50
                         0110-016F             60
                         0190-01EF             60
        SFR0             0002-001F             1E           1
        SFR1             0080-009F             20           1
        SFR2             0100-010F             10           1
        SFR3             0180-018F             10           1
        STRCODE          0001-06EB            6EB           2
                         0800-1FFF           1800
        STRING           0001-06EB            100           2
                         0800-1FFF            100

                                  Symbol Table

__H__absolute__ __absolute__ 0000  __Hcode         code         0002
__Hconfig       config       2008  __Hdata         data         0002
__Hedata        edata        0002  __HresetVec     resetVec     0001
__Hspace_0      (abs)        0800  __Hspace_1      (abs)        0032
__Hspace_3      (abs)        0000  __Hspace_4      (abs)        400F
__Hudata        udata        0002  __Hudata_bank0  udata_bank0  0002
__Hudata_bank1  udata_bank1  0002  __Hudata_bank2  udata_bank2  0002
__Hudata_bank3  udata_bank3  0002  __Hudata_shr    udata_shr    0002
__L__absolute__ __absolute__ 0000  __Lcode         code         0002
__Lconfig       config       0000  __Ldata         data         0002
__Ledata        edata        0002  __LresetVec     resetVec     0000
__Lspace_0      (abs)        0000  __Lspace_1      (abs)        0000
__Lspace_3      (abs)        0000  __Lspace_4      (abs)        0000
__Ludata        udata        0002  __Ludata_bank0  udata_bank0  0002
__Ludata_bank1  udata_bank1  0002  __Ludata_bank2  udata_bank2  0002
__Ludata_bank3  udata_bank3  0002  __Ludata_shr    udata_shr    0002
__S0            (abs)        0800  __S1            (abs)        0032
__S3            (abs)        0000  
